// Jest Snapshot v1, https://goo.gl/fbAQLP

exports[`matches snapshot 1`] = `
<DocumentFragment>
  <div>
    <h3>
      ShoppingList
    </h3>
    <form>
      <label
        for="name"
      >
        Product
      </label>
      <input
        id="name"
        name="name"
        placeholder="item name"
        type="text"
        value=""
      />
      <label
        for="qty"
      >
        Quantity 
      </label>
      <input
        id="qty"
        max="10"
        min="1"
        name="qty"
        type="range"
        value=""
      />
      <button>
        Add Item
      </button>
    </form>
    <div>
      <ul>
        <li>
          Name: peanut butter
        </li>
        <li>
          Quantity: 2
        </li>
      </ul>
      <ul>
        <li>
          Name: jelly
        </li>
        <li>
          Quantity: 3
        </li>
      </ul>
      <ul>
        <li>
          Name: milk
        </li>
        <li>
          Quantity: 1
        </li>
      </ul>
    </div>
  </div>
</DocumentFragment>
`;
